C51 COMPILER V9.60.7.0   MAIN                                                              09/14/2026 15:10:23 PAGE 1   


C51 COMPILER V9.60.7.0, COMPILATION OF MODULE MAIN
OBJECT MODULE PLACED IN .\Objects\main.obj
COMPILER INVOKED BY: D:\Fox\IDE\Keil_5\C51\BIN\C51.EXE main.c OPTIMIZE(8,SPEED) BROWSE DEBUG OBJECTEXTEND PRINT(.\Listin
                    -gs\main.lst) OBJECT(.\Objects\main.obj)

line level    source

   1          #include <REGX52.H>
   2          #include "Delay.h"
   3          #include "Timer0.h"
   4          #include "lcd1602.h"
   5          
   6          unsigned char Sec=55,Min=59,Hour=23;
   7          void main()
   8          {
   9   1              LCD_Init();
  10   1              Timer0_Init();
  11   1              LCD_ShowString(1, 1, "Clock ");
  12   1              LCD_ShowString(1, 7, "  :  :  ");
  13   1              while(1)
  14   1              {
  15   2                      LCD_ShowNum(1, 13, Sec, 2);
  16   2                      LCD_ShowNum(1, 10, Min, 2);
  17   2                      LCD_ShowNum(1, 7, Hour, 2);
  18   2              }
  19   1              
  20   1      }
  21          
  22          void Timer0_Routine() interrupt 1
  23          {
  24   1              static unsigned int T0Count;
  25   1              TL0 = 0x66;             //设置定时初值
  26   1              TH0 = 0xFC;             //设置定时初值
  27   1              T0Count++;
  28   1              if(T0Count >= 1000)
  29   1              {
  30   2                      T0Count = 0;
  31   2                      Sec++;
  32   2                      if(Sec >= 60)
  33   2                      {
  34   3                              Sec = 0;
  35   3                              Min++;
  36   3                              if(Min >= 60)
  37   3                              {
  38   4                                      Min = 0;
  39   4                                      Hour++;
  40   4                                      if(Hour >= 24)
  41   4                                      {
  42   5                                              Hour = 0;
  43   5                                      }
  44   4                              }
  45   3                      }
  46   2              }
  47   1              
  48   1      }


MODULE INFORMATION:   STATIC OVERLAYABLE
   CODE SIZE        =    150    ----
   CONSTANT SIZE    =     16    ----
   XDATA SIZE       =   ----    ----
C51 COMPILER V9.60.7.0   MAIN                                                              09/14/2026 15:10:23 PAGE 2   

   PDATA SIZE       =   ----    ----
   DATA SIZE        =      5    ----
   IDATA SIZE       =   ----    ----
   BIT SIZE         =   ----    ----
END OF MODULE INFORMATION.


C51 COMPILATION COMPLETE.  0 WARNING(S),  0 ERROR(S)
