C51 COMPILER V9.60.7.0   MIAN                                                              09/09/2026 17:05:04 PAGE 1   


C51 COMPILER V9.60.7.0, COMPILATION OF MODULE MIAN
OBJECT MODULE PLACED IN .\Objects\mian.obj
COMPILER INVOKED BY: D:\Fox\IDE\Keil_5\C51\BIN\C51.EXE mian.c OPTIMIZE(8,SPEED) BROWSE DEBUG OBJECTEXTEND PRINT(.\Listin
                    -gs\mian.lst) OBJECT(.\Objects\mian.obj)

line level    source

   1          #include <at89c51RC2.h>
   2          unsigned char NixieTable[] = {0x3F,0x06,0x5B,0x4F,0x66,0x7D,0x07,0x7F,0x6F};
   3          void NixieTube(unsigned char location,unsigned char number)//location 为点亮第几个数码管，number
             -是数字
   4          {
   5   1              switch(location)
   6   1              {
   7   2                      case 1:P2_4 = 1;P2_3 = 1;P2_2 = 1;break;
   8   2                      case 2:P2_4 = 1;P2_3 = 1;P2_2 = 0;break;
   9   2                      case 3:P2_4 = 1;P2_3 = 0;P2_2 = 1;break;
  10   2                      case 4:P2_4 = 1;P2_3 = 0;P2_2 = 0;break;
  11   2                      case 5:P2_4 = 0;P2_3 = 1;P2_2 = 1;break;
  12   2                      case 6:P2_4 = 0;P2_3 = 1;P2_2 = 0;break;
  13   2                      case 7:P2_4 = 0;P2_3 = 0;P2_2 = 1;break;
  14   2                      case 8:P2_4 = 0;P2_3 = 0;P2_2 = 0;break;
  15   2              }
  16   1              P0 = NixieTable[number];
  17   1      }
  18          void main()
  19          {
  20   1              NixieTube(1,0);
  21   1              while(1)
  22   1              {
  23   2              }
  24   1      }


MODULE INFORMATION:   STATIC OVERLAYABLE
   CODE SIZE        =    108    ----
   CONSTANT SIZE    =   ----    ----
   XDATA SIZE       =   ----    ----
   PDATA SIZE       =   ----    ----
   DATA SIZE        =      9    ----
   IDATA SIZE       =   ----    ----
   BIT SIZE         =   ----    ----
END OF MODULE INFORMATION.


C51 COMPILATION COMPLETE.  0 WARNING(S),  0 ERROR(S)
