BL51 BANKED LINKER/LOCATER V6.22.4.0                                                    09/09/2026  17:05:04  PAGE 1


BL51 BANKED LINKER/LOCATER V6.22.4.0, INVOKED BY:
D:\FOX\IDE\KEIL_5\C51\BIN\BL51.EXE .\Objects\mian.obj TO .\Objects\project PRINT (.\Listings\project.m51) RAMSIZE (256)


MEMORY MODEL: SMALL


INPUT MODULES INCLUDED:
  .\Objects\mian.obj (MIAN)
  D:\FOX\IDE\KEIL_5\C51\LIB\C51S.LIB (?C_STARTUP)
  D:\FOX\IDE\KEIL_5\C51\LIB\C51S.LIB (?C_INIT)


LINK MAP OF MODULE:  .\Objects\project (MIAN)


            TYPE    BASE      LENGTH    RELOCATION   SEGMENT NAME
            -----------------------------------------------------

            * * * * * * *   D A T A   M E M O R Y   * * * * * * *
            REG     0000H     0008H     ABSOLUTE     "REG BANK 0"
            DATA    0008H     0009H     UNIT         ?DT?MIAN
            IDATA   0011H     0001H     UNIT         ?STACK

            * * * * * * *   C O D E   M E M O R Y   * * * * * * *
            CODE    0000H     0003H     ABSOLUTE     
            CODE    0003H     008CH     UNIT         ?C_C51STARTUP
            CODE    008FH     0063H     UNIT         ?PR?_NIXIETUBE?MIAN
            CODE    00F2H     000CH     UNIT         ?C_INITSEG
            CODE    00FEH     0009H     UNIT         ?PR?MAIN?MIAN



OVERLAY MAP OF MODULE:   .\Objects\project (MIAN)


SEGMENT
  +--> CALLED SEGMENT
---------------------
?C_C51STARTUP
  +--> ?PR?MAIN?MIAN
  +--> ?C_INITSEG

?PR?MAIN?MIAN
  +--> ?PR?_NIXIETUBE?MIAN



SYMBOL TABLE OF MODULE:  .\Objects\project (MIAN)

  VALUE           TYPE          NAME
  ----------------------------------

  -------         MODULE        MIAN
  C:0000H         SYMBOL        _ICE_DUMMY_
  D:0080H         PUBLIC        P0
  C:008FH         PUBLIC        _NixieTube
  B:00A0H.2       PUBLIC        P2_2
BL51 BANKED LINKER/LOCATER V6.22.4.0                                                  09/09/2026  17:05:04  PAGE 2


  B:00A0H.3       PUBLIC        P2_3
  B:00A0H.4       PUBLIC        P2_4
  C:00FEH         PUBLIC        main
  D:0008H         PUBLIC        NixieTable
  -------         PROC          _NIXIETUBE
  D:0007H         SYMBOL        location
  D:0005H         SYMBOL        number
  C:008FH         LINE#         3
  C:008FH         LINE#         4
  C:008FH         LINE#         5
  C:00BCH         LINE#         6
  C:00BCH         LINE#         7
  C:00C0H         LINE#         8
  C:00C4H         LINE#         9
  C:00C8H         LINE#         10
  C:00CCH         LINE#         11
  C:00D4H         LINE#         12
  C:00DCH         LINE#         13
  C:00E4H         LINE#         14
  C:00EAH         LINE#         15
  C:00EAH         LINE#         16
  C:00F1H         LINE#         17
  -------         ENDPROC       _NIXIETUBE
  -------         PROC          MAIN
  C:00FEH         LINE#         18
  C:00FEH         LINE#         19
  C:00FEH         LINE#         20
  C:0105H         LINE#         21
  C:0105H         LINE#         22
  C:0105H         LINE#         23
  -------         ENDPROC       MAIN
  -------         ENDMOD        MIAN

Program Size: data=18.0 xdata=0 code=263
LINK/LOCATE RUN COMPLETE.  0 WARNING(S),  0 ERROR(S)
