C51 COMPILER V9.60.7.0   MIAN                                                              09/09/2026 17:21:59 PAGE 1   


C51 COMPILER V9.60.7.0, COMPILATION OF MODULE MIAN
OBJECT MODULE PLACED IN .\Objects\mian.obj
COMPILER INVOKED BY: D:\Fox\IDE\Keil_5\C51\BIN\C51.EXE mian.c OPTIMIZE(8,SPEED) BROWSE DEBUG OBJECTEXTEND PRINT(.\Listin
                    -gs\mian.lst) OBJECT(.\Objects\mian.obj)

line level    source

   1          #include <at89c51RC2.h>
   2          unsigned char NixieTable[] = {0x3F,0x06,0x5B,0x4F,0x66,0x6D,0x7D,0x07,0x7F,0x6F,0xF4,0xB8,0xDE,0xED,0xFC};
   3          void Delayms(unsigned int xms)          //@11.0592MHz
   4          {
   5   1              unsigned char i, j;
   6   1              while(xms)
   7   1              {
   8   2                      
   9   2                      i = 2;
  10   2                      j = 199;
  11   2                      do
  12   2                      {
  13   3                              while (--j);
  14   3                      } while (--i);
  15   2                      xms--;
  16   2              }
  17   1      
  18   1      }
  19          void NixieTube(unsigned char location,unsigned char number)//location 为点亮第几个数码管，number
             -是数字
  20          {
  21   1              switch(location)
  22   1              {
  23   2                      case 1:P2_4 = 1;P2_3 = 1;P2_2 = 1;break;
  24   2                      case 2:P2_4 = 1;P2_3 = 1;P2_2 = 0;break;
  25   2                      case 3:P2_4 = 1;P2_3 = 0;P2_2 = 1;break;
  26   2                      case 4:P2_4 = 1;P2_3 = 0;P2_2 = 0;break;
  27   2                      case 5:P2_4 = 0;P2_3 = 1;P2_2 = 1;break;
  28   2                      case 6:P2_4 = 0;P2_3 = 1;P2_2 = 0;break;
  29   2                      case 7:P2_4 = 0;P2_3 = 0;P2_2 = 1;break;
  30   2                      case 8:P2_4 = 0;P2_3 = 0;P2_2 = 0;break;
  31   2              }
  32   1              P0 = NixieTable[number];
  33   1              Delayms(1);
  34   1              P0 = 0x00;//数码管的消隐
  35   1      }
  36          void main()
  37          {
  38   1      
  39   1              while(1)
  40   1              {
  41   2                      NixieTube(1,10);
  42   2                      NixieTube(2,10);
  43   2                      NixieTube(3,11);
  44   2                      NixieTube(4,12);
  45   2                      NixieTube(5,13);
  46   2                      NixieTube(6,14);
  47   2              }
  48   1      }


MODULE INFORMATION:   STATIC OVERLAYABLE
   CODE SIZE        =    173    ----
   CONSTANT SIZE    =   ----    ----
C51 COMPILER V9.60.7.0   MIAN                                                              09/09/2026 17:21:59 PAGE 2   

   XDATA SIZE       =   ----    ----
   PDATA SIZE       =   ----    ----
   DATA SIZE        =     15    ----
   IDATA SIZE       =   ----    ----
   BIT SIZE         =   ----    ----
END OF MODULE INFORMATION.


C51 COMPILATION COMPLETE.  0 WARNING(S),  0 ERROR(S)
