BL51 BANKED LINKER/LOCATER V6.22.4.0                                                    09/09/2026  17:21:59  PAGE 1


BL51 BANKED LINKER/LOCATER V6.22.4.0, INVOKED BY:
D:\FOX\IDE\KEIL_5\C51\BIN\BL51.EXE .\Objects\mian.obj TO .\Objects\project PRINT (.\Listings\project.m51) RAMSIZE (256)


MEMORY MODEL: SMALL


INPUT MODULES INCLUDED:
  .\Objects\mian.obj (MIAN)
  D:\FOX\IDE\KEIL_5\C51\LIB\C51S.LIB (?C_STARTUP)
  D:\FOX\IDE\KEIL_5\C51\LIB\C51S.LIB (?C_INIT)


LINK MAP OF MODULE:  .\Objects\project (MIAN)


            TYPE    BASE      LENGTH    RELOCATION   SEGMENT NAME
            -----------------------------------------------------

            * * * * * * *   D A T A   M E M O R Y   * * * * * * *
            REG     0000H     0008H     ABSOLUTE     "REG BANK 0"
            DATA    0008H     000FH     UNIT         ?DT?MIAN
            IDATA   0017H     0001H     UNIT         ?STACK

            * * * * * * *   C O D E   M E M O R Y   * * * * * * *
            CODE    0000H     0003H     ABSOLUTE     
            CODE    0003H     008CH     UNIT         ?C_C51STARTUP
            CODE    008FH     006DH     UNIT         ?PR?_NIXIETUBE?MIAN
            CODE    00FCH     002CH     UNIT         ?PR?MAIN?MIAN
            CODE    0128H     0014H     UNIT         ?PR?_DELAYMS?MIAN
            CODE    013CH     0012H     UNIT         ?C_INITSEG



OVERLAY MAP OF MODULE:   .\Objects\project (MIAN)


SEGMENT
  +--> CALLED SEGMENT
---------------------
?C_C51STARTUP
  +--> ?PR?MAIN?MIAN
  +--> ?C_INITSEG

?PR?MAIN?MIAN
  +--> ?PR?_NIXIETUBE?MIAN

?PR?_NIXIETUBE?MIAN
  +--> ?PR?_DELAYMS?MIAN



SYMBOL TABLE OF MODULE:  .\Objects\project (MIAN)

  VALUE           TYPE          NAME
  ----------------------------------

  -------         MODULE        MIAN
BL51 BANKED LINKER/LOCATER V6.22.4.0                                                  09/09/2026  17:21:59  PAGE 2


  C:0000H         SYMBOL        _ICE_DUMMY_
  D:0080H         PUBLIC        P0
  C:008FH         PUBLIC        _NixieTube
  B:00A0H.2       PUBLIC        P2_2
  B:00A0H.3       PUBLIC        P2_3
  B:00A0H.4       PUBLIC        P2_4
  C:00FCH         PUBLIC        main
  C:0128H         PUBLIC        _Delayms
  D:0008H         PUBLIC        NixieTable
  -------         PROC          _DELAYMS
  D:0006H         SYMBOL        xms
  -------         DO            
  D:0005H         SYMBOL        i
  D:0004H         SYMBOL        j
  -------         ENDDO         
  C:0128H         LINE#         3
  C:0128H         LINE#         4
  C:0128H         LINE#         6
  C:012CH         LINE#         7
  C:012CH         LINE#         9
  C:012EH         LINE#         10
  C:0130H         LINE#         12
  C:0130H         LINE#         13
  C:0132H         LINE#         14
  C:0134H         LINE#         15
  C:0139H         LINE#         16
  C:013BH         LINE#         18
  -------         ENDPROC       _DELAYMS
  -------         PROC          _NIXIETUBE
  D:0007H         SYMBOL        location
  D:0005H         SYMBOL        number
  C:008FH         LINE#         19
  C:008FH         LINE#         20
  C:008FH         LINE#         21
  C:00BCH         LINE#         22
  C:00BCH         LINE#         23
  C:00C0H         LINE#         24
  C:00C4H         LINE#         25
  C:00C8H         LINE#         26
  C:00CCH         LINE#         27
  C:00D4H         LINE#         28
  C:00DCH         LINE#         29
  C:00E4H         LINE#         30
  C:00EAH         LINE#         31
  C:00EAH         LINE#         32
  C:00F1H         LINE#         33
  C:00F8H         LINE#         34
  C:00FBH         LINE#         35
  -------         ENDPROC       _NIXIETUBE
  -------         PROC          MAIN
  C:00FCH         LINE#         36
  C:00FCH         LINE#         37
  C:00FCH         LINE#         39
  C:00FCH         LINE#         40
  C:00FCH         LINE#         41
  C:0103H         LINE#         42
  C:010AH         LINE#         43
BL51 BANKED LINKER/LOCATER V6.22.4.0                                                  09/09/2026  17:21:59  PAGE 3


  C:0111H         LINE#         44
  C:0118H         LINE#         45
  C:011FH         LINE#         46
  C:0126H         LINE#         47
  -------         ENDPROC       MAIN
  -------         ENDMOD        MIAN

Program Size: data=24.0 xdata=0 code=334
LINK/LOCATE RUN COMPLETE.  0 WARNING(S),  0 ERROR(S)
