C51 COMPILER V9.60.7.0   MAIN                                                              09/14/2026 14:51:12 PAGE 1   


C51 COMPILER V9.60.7.0, COMPILATION OF MODULE MAIN
OBJECT MODULE PLACED IN .\Objects\main.obj
COMPILER INVOKED BY: D:\Fox\IDE\Keil_5\C51\BIN\C51.EXE main.c OPTIMIZE(8,SPEED) BROWSE DEBUG OBJECTEXTEND PRINT(.\Listin
                    -gs\main.lst) OBJECT(.\Objects\main.obj)

line level    source

   1          #include "Timer0.h"
   2          #include "KEY.h"
   3          #include <REGX52.H>
   4          #include <INTRINS.H>
   5          
   6          unsigned char keynum,LEDMode;
   7          
   8          void main()
   9          {
  10   1              P2 = 0xFE;
  11   1              Timer0_Init();
  12   1          while(1)
  13   1          {
  14   2              keynum = Key();
  15   2                      if(keynum)
  16   2                      {
  17   3                              if(keynum == 1)
  18   3                              {
  19   4                                      LEDMode++;
  20   4                                      if(LEDMode >= 2)LEDMode = 0;
  21   4                              }
  22   3                      }
  23   2          }
  24   1      }
  25          
  26          
  27          void Timer0_Routine() interrupt 1
  28          {
  29   1              static unsigned int T0Count;
  30   1              TL0 = 0x66;             //设置定时初值
  31   1              TH0 = 0xFC;             //设置定时初值
  32   1              T0Count++;
  33   1              if(T0Count >= 500)
  34   1              {
  35   2                      T0Count = 0;
  36   2                      if(LEDMode == 0) P2 = _cror_(P2,1);
  37   2                      if(LEDMode == 1) P2 = _crol_(P2,1);
  38   2              }
  39   1              
  40   1      }


MODULE INFORMATION:   STATIC OVERLAYABLE
   CODE SIZE        =    116    ----
   CONSTANT SIZE    =   ----    ----
   XDATA SIZE       =   ----    ----
   PDATA SIZE       =   ----    ----
   DATA SIZE        =      4    ----
   IDATA SIZE       =   ----    ----
   BIT SIZE         =   ----    ----
END OF MODULE INFORMATION.


C51 COMPILATION COMPLETE.  0 WARNING(S),  0 ERROR(S)
