C51 COMPILER V9.60.7.0   TIMER0                                                            09/14/2026 14:40:18 PAGE 1   


C51 COMPILER V9.60.7.0, COMPILATION OF MODULE TIMER0
OBJECT MODULE PLACED IN .\Objects\Timer0.obj
COMPILER INVOKED BY: D:\Fox\IDE\Keil_5\C51\BIN\C51.EXE Timer0.c OPTIMIZE(8,SPEED) BROWSE DEBUG OBJECTEXTEND PRINT(.\List
                    -ings\Timer0.lst) OBJECT(.\Objects\Timer0.obj)

line level    source

   1          #include <REGX52.H>
   2          
   3          /**
   4            * @brief  Timer0初始化
   5            * @param  
   6            * @retval 
   7            */
   8          void Timer0_Init()
   9          {
  10   1      
  11   1              TMOD &= 0xF0;           //设置定时器模式
  12   1              TMOD |= 0x01;           //设置定时器模式
  13   1              TL0 = 0x66;             //设置定时初值
  14   1              TH0 = 0xFC;             //设置定时初值
  15   1              TF0 = 0;                //清除TF0标志
  16   1              TR0 = 1;                //定时器0开始计时
  17   1              ET0 = 1;
  18   1              EA = 1;
  19   1              PT0 = 0;
  20   1      }


MODULE INFORMATION:   STATIC OVERLAYABLE
   CODE SIZE        =     23    ----
   CONSTANT SIZE    =   ----    ----
   XDATA SIZE       =   ----    ----
   PDATA SIZE       =   ----    ----
   DATA SIZE        =   ----    ----
   IDATA SIZE       =   ----    ----
   BIT SIZE         =   ----    ----
END OF MODULE INFORMATION.


C51 COMPILATION COMPLETE.  0 WARNING(S),  0 ERROR(S)
