C51 COMPILER V9.60.7.0   MAIN                                                              09/09/2026 14:32:24 PAGE 1   


C51 COMPILER V9.60.7.0, COMPILATION OF MODULE MAIN
OBJECT MODULE PLACED IN .\Objects\main.obj
COMPILER INVOKED BY: D:\Fox\IDE\Keil_5\C51\BIN\C51.EXE main.c OPTIMIZE(8,SPEED) BROWSE DEBUG OBJECTEXTEND PRINT(.\Listin
                    -gs\main.lst) TABS(2) OBJECT(.\Objects\main.obj)

line level    source

   1          #include <at89c51RC2.h>
   2          #include <INTRINS.H>
   3          
   4          void Delayms(unsigned int xms)    //@11.0592MHz
   5          {
   6   1        unsigned char i, j, k;
   7   1      
   8   1        _nop_();
   9   1        i = xms-1;
  10   1        j = 129;
  11   1        k = 119;
  12   1        do
  13   1        {
  14   2          do
  15   2          {
  16   3            while (--k);
  17   3          } while (--j);
  18   2        } while (--i);
  19   1      }
  20          
  21          
  22          void main()
  23          {
  24   1      
  25   1        while(1){
  26   2          int i;    
  27   2          for(i = 0;i<8;i++)
  28   2          {
  29   3            P2 = 0xFF;
  30   3            P2 &= ~(1<<i);
  31   3            Delayms(5);
  32   3          }
  33   2          
  34   2        }
  35   1      }


MODULE INFORMATION:   STATIC OVERLAYABLE
   CODE SIZE        =     67    ----
   CONSTANT SIZE    =   ----    ----
   XDATA SIZE       =   ----    ----
   PDATA SIZE       =   ----    ----
   DATA SIZE        =   ----       2
   IDATA SIZE       =   ----    ----
   BIT SIZE         =   ----    ----
END OF MODULE INFORMATION.


C51 COMPILATION COMPLETE.  0 WARNING(S),  0 ERROR(S)
