C51 COMPILER V9.60.7.0   BUZZER                                                            09/18/2026 15:51:56 PAGE 1   


C51 COMPILER V9.60.7.0, COMPILATION OF MODULE BUZZER
OBJECT MODULE PLACED IN .\Objects\Buzzer.obj
COMPILER INVOKED BY: D:\Fox\IDE\Keil_5\C51\BIN\C51.EXE Buzzer.c OPTIMIZE(8,SPEED) BROWSE DEBUG OBJECTEXTEND PRINT(.\List
                    -ings\Buzzer.lst) OBJECT(.\Objects\Buzzer.obj)

line level    source

   1          #include <REGX52.H>
   2          
   3          #include <INTRINS.H>
   4          sbit Buzzer = P2^5;
   5          /**
   6            * @brief 延时500ms
   7            * @param 
   8            * @retval 
   9            */
  10          void Buzzer_Delay500us(void)    //@11.0592MHz
  11          {
  12   1              unsigned char data i;
  13   1      
  14   1              _nop_();
  15   1              i = 227;
  16   1              while (--i);
  17   1      }
  18          /**
  19            * @brief 蜂鸣器发声
  20            * @param ms 发声的时长
  21            * @retval 
  22            */
  23          void Buzzer_Time(unsigned int ms)
  24          {      
  25   1              unsigned char data i;   
  26   1          for(i=0;i<ms*2;i++)
  27   1          {
  28   2              Buzzer = !Buzzer;
  29   2              Buzzer_Delay500us();
  30   2          }
  31   1      }


MODULE INFORMATION:   STATIC OVERLAYABLE
   CODE SIZE        =     35    ----
   CONSTANT SIZE    =   ----    ----
   XDATA SIZE       =   ----    ----
   PDATA SIZE       =   ----    ----
   DATA SIZE        =   ----    ----
   IDATA SIZE       =   ----    ----
   BIT SIZE         =   ----    ----
END OF MODULE INFORMATION.


C51 COMPILATION COMPLETE.  0 WARNING(S),  0 ERROR(S)
