BL51 BANKED LINKER/LOCATER V6.22.4.0                                                    09/18/2026  15:53:02  PAGE 1


BL51 BANKED LINKER/LOCATER V6.22.4.0, INVOKED BY:
D:\FOX\IDE\KEIL_5\C51\BIN\BL51.EXE .\Objects\main.obj, .\Objects\key.obj, .\Objects\Nixie.obj, .\Objects\Delay.obj, .\Ob
>> jects\Buzzer.obj TO .\Objects\project PRINT (.\Listings\project.m51) RAMSIZE (256)


MEMORY MODEL: SMALL


INPUT MODULES INCLUDED:
  .\Objects\main.obj (MAIN)
  .\Objects\key.obj (KEY)
  .\Objects\Nixie.obj (NIXIE)
  .\Objects\Delay.obj (DELAY)
  .\Objects\Buzzer.obj (BUZZER)
  D:\FOX\IDE\KEIL_5\C51\LIB\C51S.LIB (?C_STARTUP)
  D:\FOX\IDE\KEIL_5\C51\LIB\C51S.LIB (?C_INIT)


LINK MAP OF MODULE:  .\Objects\project (MAIN)


            TYPE    BASE      LENGTH    RELOCATION   SEGMENT NAME
            -----------------------------------------------------

            * * * * * * *   D A T A   M E M O R Y   * * * * * * *
            REG     0000H     0008H     ABSOLUTE     "REG BANK 0"
            DATA    0008H     000FH     UNIT         ?DT?NIXIE
            DATA    0017H     0001H     UNIT         ?DT?MAIN
            DATA    0018H     0001H     UNIT         _DATA_GROUP_
            IDATA   0019H     0001H     UNIT         ?STACK

            * * * * * * *   C O D E   M E M O R Y   * * * * * * *
            CODE    0000H     0003H     ABSOLUTE     
            CODE    0003H     008CH     UNIT         ?C_C51STARTUP
            CODE    008FH     0063H     UNIT         ?PR?_NIXIETUBE?NIXIE
            CODE    00F2H     0061H     UNIT         ?PR?KEY?KEY
            CODE    0153H     0020H     UNIT         ?PR?MAIN?MAIN
            CODE    0173H     001DH     UNIT         ?PR?_BUZZER_TIME?BUZZER
            CODE    0190H     0014H     UNIT         ?PR?_DELAY?DELAY
            CODE    01A4H     0012H     UNIT         ?C_INITSEG
            CODE    01B6H     0006H     UNIT         ?PR?BUZZER_DELAY500US?BUZZER



OVERLAY MAP OF MODULE:   .\Objects\project (MAIN)


SEGMENT                                DATA_GROUP 
  +--> CALLED SEGMENT                START    LENGTH
----------------------------------------------------
?C_C51STARTUP                        -----    -----
  +--> ?PR?MAIN?MAIN
  +--> ?C_INITSEG

?PR?MAIN?MAIN                        -----    -----
  +--> ?PR?_NIXIETUBE?NIXIE
  +--> ?PR?KEY?KEY
  +--> ?PR?_BUZZER_TIME?BUZZER
BL51 BANKED LINKER/LOCATER V6.22.4.0                                                  09/18/2026  15:53:02  PAGE 2



?PR?KEY?KEY                          0018H    0001H
  +--> ?PR?_DELAY?DELAY

?PR?_BUZZER_TIME?BUZZER              -----    -----
  +--> ?PR?BUZZER_DELAY500US?BUZZER



SYMBOL TABLE OF MODULE:  .\Objects\project (MAIN)

  VALUE           TYPE          NAME
  ----------------------------------

  -------         MODULE        MAIN
  C:0000H         SYMBOL        _ICE_DUMMY_
  C:0153H         PUBLIC        main
  D:0017H         PUBLIC        KeyNum
  -------         PROC          MAIN
  C:0153H         LINE#         9
  C:0153H         LINE#         10
  C:0153H         LINE#         11
  C:015AH         LINE#         12
  C:015AH         LINE#         13
  C:015AH         LINE#         14
  C:015FH         LINE#         15
  C:0163H         LINE#         16
  C:016AH         LINE#         17
  C:0171H         LINE#         18
  C:0171H         LINE#         19
  -------         ENDPROC       MAIN
  -------         ENDMOD        MAIN

  -------         MODULE        KEY
  C:0000H         SYMBOL        _ICE_DUMMY_
  B:00B0H.0       PUBLIC        P3_0
  B:00B0H.1       PUBLIC        P3_1
  B:00B0H.2       PUBLIC        P3_2
  B:00B0H.3       PUBLIC        P3_3
  C:00F2H         PUBLIC        Key
  -------         PROC          KEY
  -------         DO            
  D:0018H         SYMBOL        KeyNumber
  -------         ENDDO         
  C:00F2H         LINE#         9
  C:00F2H         LINE#         10
  C:00F2H         LINE#         11
  C:00F5H         LINE#         12
  C:010BH         LINE#         13
  C:0122H         LINE#         14
  C:0139H         LINE#         15
  C:0150H         LINE#         16
  C:0152H         LINE#         17
  -------         ENDPROC       KEY
  -------         ENDMOD        KEY

  -------         MODULE        NIXIE
BL51 BANKED LINKER/LOCATER V6.22.4.0                                                  09/18/2026  15:53:02  PAGE 3


  C:0000H         SYMBOL        _ICE_DUMMY_
  D:0080H         PUBLIC        P0
  C:008FH         PUBLIC        _NixieTube
  B:00A0H.2       PUBLIC        P2_2
  B:00A0H.3       PUBLIC        P2_3
  B:00A0H.4       PUBLIC        P2_4
  D:0008H         PUBLIC        NixieTable
  -------         PROC          _NIXIETUBE
  D:0007H         SYMBOL        location
  D:0005H         SYMBOL        number
  C:008FH         LINE#         5
  C:008FH         LINE#         6
  C:008FH         LINE#         7
  C:00BCH         LINE#         8
  C:00BCH         LINE#         9
  C:00C0H         LINE#         10
  C:00C4H         LINE#         11
  C:00C8H         LINE#         12
  C:00CCH         LINE#         13
  C:00D4H         LINE#         14
  C:00DCH         LINE#         15
  C:00E4H         LINE#         16
  C:00EAH         LINE#         17
  C:00EAH         LINE#         18
  C:00F1H         LINE#         20
  -------         ENDPROC       _NIXIETUBE
  -------         ENDMOD        NIXIE

  -------         MODULE        DELAY
  C:0000H         SYMBOL        _ICE_DUMMY_
  C:0190H         PUBLIC        _Delay
  -------         PROC          _DELAY
  D:0006H         SYMBOL        xms
  -------         DO            
  D:0005H         SYMBOL        i
  D:0004H         SYMBOL        j
  -------         ENDDO         
  C:0190H         LINE#         7
  C:0190H         LINE#         8
  C:0190H         LINE#         10
  C:0194H         LINE#         11
  C:0194H         LINE#         13
  C:0196H         LINE#         14
  C:0198H         LINE#         16
  C:0198H         LINE#         17
  C:019AH         LINE#         18
  C:019CH         LINE#         19
  C:01A1H         LINE#         20
  C:01A3H         LINE#         22
  -------         ENDPROC       _DELAY
  -------         ENDMOD        DELAY

  -------         MODULE        BUZZER
  C:0000H         SYMBOL        _ICE_DUMMY_
  D:00A0H         PUBLIC        P2
  B:00A0H.5       PUBLIC        Buzzer
  C:01B6H         PUBLIC        Buzzer_Delay500us
BL51 BANKED LINKER/LOCATER V6.22.4.0                                                  09/18/2026  15:53:02  PAGE 4


  C:0173H         PUBLIC        _Buzzer_Time
  -------         PROC          BUZZER_DELAY500US
  -------         DO            
  D:0007H         SYMBOL        i
  -------         ENDDO         
  C:01B6H         LINE#         10
  C:01B6H         LINE#         11
  C:01B6H         LINE#         14
  C:01B7H         LINE#         15
  C:01B9H         LINE#         16
  C:01BBH         LINE#         17
  -------         ENDPROC       BUZZER_DELAY500US
  -------         PROC          _BUZZER_TIME
  D:0004H         SYMBOL        ms
  -------         DO            
  D:0003H         SYMBOL        i
  -------         ENDDO         
  C:0173H         LINE#         23
  C:0177H         LINE#         24
  C:0177H         LINE#         26
  C:0187H         LINE#         27
  C:0187H         LINE#         28
  C:0189H         LINE#         29
  C:018CH         LINE#         30
  C:018FH         LINE#         31
  -------         ENDPROC       _BUZZER_TIME
  -------         ENDMOD        BUZZER

Program Size: data=26.0 xdata=0 code=444
LINK/LOCATE RUN COMPLETE.  0 WARNING(S),  0 ERROR(S)
