C51 COMPILER V9.60.7.0   MAIN                                                              09/15/2026 11:46:59 PAGE 1   


C51 COMPILER V9.60.7.0, COMPILATION OF MODULE MAIN
OBJECT MODULE PLACED IN .\Objects\main.obj
COMPILER INVOKED BY: D:\Fox\IDE\Keil_5\C51\BIN\C51.EXE main.c OPTIMIZE(8,SPEED) BROWSE DEBUG OBJECTEXTEND PRINT(.\Listin
                    -gs\main.lst) OBJECT(.\Objects\main.obj)

line level    source

   1          #include <REGX52.H>
   2          #include "Delay.h"
   3          #include "MatrixLED.h"
   4          
   5          unsigned char code Animation[] = {
   6                  0x00,0x00,0x00,0x00,0x00,0x00,0x00,0x00,
   7                  0xFF,0x10,0x10,0xFF,0x00,0x0E,0x15,0x15,
   8                  0x15,0x08,0x00,0xFE,0x01,0x02,0x00,0xFE,
   9                  0x01,0x02,0x00,0x0E,0x11,0x11,0x0E,0x00,
  10                  0x7D,0x00,0x00,0x00,0x00,0x00,0x00,0x00,
  11                  0x00,0x00,0x00,0x00,0x00,0x00,0x00,0x00};
  12          
  13          void main()
  14          {
  15   1              unsigned char i,offset = 0,Count = 0;
  16   1              
  17   1              MatrixLED_Init();
  18   1      
  19   1              while(1)
  20   1              {
  21   2                      for(i=0;i<8;i++)
  22   2                      {
  23   3                              MatrixLED_ShowColumn(i,Animation[i+offset]);
  24   3                      }
  25   2                      Count++;
  26   2                      if(Count>10)
  27   2                      {
  28   3                              Count = 0;
  29   3                              offset++;
  30   3                              if(offset>40)
  31   3                              {
  32   4                                      offset = 0;
  33   4                              }
  34   3                              
  35   3                      }
  36   2              }
  37   1      }


MODULE INFORMATION:   STATIC OVERLAYABLE
   CODE SIZE        =     60    ----
   CONSTANT SIZE    =     48    ----
   XDATA SIZE       =   ----    ----
   PDATA SIZE       =   ----    ----
   DATA SIZE        =   ----       3
   IDATA SIZE       =   ----    ----
   BIT SIZE         =   ----    ----
END OF MODULE INFORMATION.


C51 COMPILATION COMPLETE.  0 WARNING(S),  0 ERROR(S)
