BL51 BANKED LINKER/LOCATER V6.22.4.0                                                    09/15/2026  11:46:59  PAGE 1


BL51 BANKED LINKER/LOCATER V6.22.4.0, INVOKED BY:
D:\FOX\IDE\KEIL_5\C51\BIN\BL51.EXE .\Objects\main.obj, .\Objects\Delay.obj, .\Objects\MatrixLED.obj TO .\Objects\project
>>  PRINT (.\Listings\project.m51) RAMSIZE (256)


MEMORY MODEL: SMALL


INPUT MODULES INCLUDED:
  .\Objects\main.obj (MAIN)
  .\Objects\Delay.obj (DELAY)
  .\Objects\MatrixLED.obj (MATRIXLED)
  D:\FOX\IDE\KEIL_5\C51\LIB\C51S.LIB (?C_STARTUP)


LINK MAP OF MODULE:  .\Objects\project (MAIN)


            TYPE    BASE      LENGTH    RELOCATION   SEGMENT NAME
            -----------------------------------------------------

            * * * * * * *   D A T A   M E M O R Y   * * * * * * *
            REG     0000H     0008H     ABSOLUTE     "REG BANK 0"
            DATA    0008H     0003H     UNIT         _DATA_GROUP_
            IDATA   000BH     0001H     UNIT         ?STACK

            * * * * * * *   C O D E   M E M O R Y   * * * * * * *
            CODE    0000H     0003H     ABSOLUTE     
            CODE    0003H     003CH     UNIT         ?PR?MAIN?MAIN
            CODE    003FH     0030H     UNIT         ?CO?MAIN
            CODE    006FH     002DH     UNIT         ?PR?__74HC595_WRITEBYTES?MATRIXLED
            CODE    009CH     0024H     UNIT         ?PR?_MATRIXLED_SHOWCOLUMN?MATRIXLED
            CODE    00C0H     0014H     UNIT         ?PR?_DELAY?DELAY
            CODE    00D4H     000CH     UNIT         ?C_C51STARTUP
            CODE    00E0H     0005H     UNIT         ?PR?MATRIXLED_INIT?MATRIXLED



OVERLAY MAP OF MODULE:   .\Objects\project (MAIN)


SEGMENT                                       DATA_GROUP 
  +--> CALLED SEGMENT                       START    LENGTH
-----------------------------------------------------------
?C_C51STARTUP                               -----    -----
  +--> ?PR?MAIN?MAIN

?PR?MAIN?MAIN                               0008H    0003H
  +--> ?PR?MATRIXLED_INIT?MATRIXLED
  +--> ?CO?MAIN
  +--> ?PR?_MATRIXLED_SHOWCOLUMN?MATRIXLED

?PR?_MATRIXLED_SHOWCOLUMN?MATRIXLED         -----    -----
  +--> ?PR?__74HC595_WRITEBYTES?MATRIXLED
  +--> ?PR?_DELAY?DELAY



BL51 BANKED LINKER/LOCATER V6.22.4.0                                                  09/15/2026  11:46:59  PAGE 2


SYMBOL TABLE OF MODULE:  .\Objects\project (MAIN)

  VALUE           TYPE          NAME
  ----------------------------------

  -------         MODULE        MAIN
  C:0000H         SYMBOL        _ICE_DUMMY_
  C:003FH         PUBLIC        Animation
  C:0003H         PUBLIC        main
  -------         PROC          MAIN
  -------         DO            
  D:0008H         SYMBOL        i
  D:0009H         SYMBOL        offset
  D:000AH         SYMBOL        Count
  -------         ENDDO         
  C:0003H         LINE#         13
  C:0003H         LINE#         14
  C:0003H         LINE#         15
  C:0008H         LINE#         17
  C:000BH         LINE#         19
  C:000BH         LINE#         20
  C:000BH         LINE#         21
  C:000EH         LINE#         22
  C:000EH         LINE#         23
  C:001CH         LINE#         24
  C:0025H         LINE#         25
  C:0027H         LINE#         26
  C:002EH         LINE#         27
  C:002EH         LINE#         28
  C:0031H         LINE#         29
  C:0033H         LINE#         30
  C:003AH         LINE#         31
  C:003AH         LINE#         32
  C:003DH         LINE#         33
  C:003DH         LINE#         35
  C:003DH         LINE#         36
  -------         ENDPROC       MAIN
  -------         ENDMOD        MAIN

  -------         MODULE        DELAY
  C:0000H         SYMBOL        _ICE_DUMMY_
  C:00C0H         PUBLIC        _Delay
  -------         PROC          _DELAY
  D:0006H         SYMBOL        xms
  -------         DO            
  D:0005H         SYMBOL        i
  D:0004H         SYMBOL        j
  -------         ENDDO         
  C:00C0H         LINE#         7
  C:00C0H         LINE#         8
  C:00C0H         LINE#         10
  C:00C4H         LINE#         11
  C:00C4H         LINE#         13
  C:00C6H         LINE#         14
  C:00C8H         LINE#         16
  C:00C8H         LINE#         17
  C:00CAH         LINE#         18
BL51 BANKED LINKER/LOCATER V6.22.4.0                                                  09/15/2026  11:46:59  PAGE 3


  C:00CCH         LINE#         19
  C:00D1H         LINE#         20
  C:00D3H         LINE#         22
  -------         ENDPROC       _DELAY
  -------         ENDMOD        DELAY

  -------         MODULE        MATRIXLED
  C:0000H         SYMBOL        _ICE_DUMMY_
  D:0080H         PUBLIC        P0
  D:00B0H         PUBLIC        P3
  C:00E0H         PUBLIC        MatrixLED_Init
  C:009CH         PUBLIC        _MatrixLED_ShowColumn
  B:00B0H.5       PUBLIC        RCK
  B:00B0H.6       PUBLIC        SCK
  B:00B0H.4       PUBLIC        SER
  C:006FH         PUBLIC        __74HC595_WriteBytes
  -------         PROC          __74HC595_WRITEBYTES
  D:0005H         SYMBOL        Bytes
  -------         DO            
  D:0003H         SYMBOL        i
  -------         ENDDO         
  C:006FH         LINE#         15
  C:0071H         LINE#         16
  C:0071H         LINE#         18
  C:0073H         LINE#         19
  C:0073H         LINE#         20
  C:008FH         LINE#         21
  C:0091H         LINE#         22
  C:0093H         LINE#         23
  C:0097H         LINE#         24
  C:0099H         LINE#         25
  C:009BH         LINE#         26
  -------         ENDPROC       __74HC595_WRITEBYTES
  -------         PROC          _MATRIXLED_SHOWCOLUMN
  D:0004H         SYMBOL        Column
  D:0006H         SYMBOL        Data
  C:009CH         LINE#         33
  C:00A0H         LINE#         34
  C:00A0H         LINE#         35
  C:00A5H         LINE#         36
  C:00B5H         LINE#         37
  C:00BCH         LINE#         38
  C:00BFH         LINE#         39
  -------         ENDPROC       _MATRIXLED_SHOWCOLUMN
  -------         PROC          MATRIXLED_INIT
  C:00E0H         LINE#         46
  C:00E0H         LINE#         47
  C:00E0H         LINE#         48
  C:00E2H         LINE#         49
  C:00E4H         LINE#         50
  -------         ENDPROC       MATRIXLED_INIT
  -------         ENDMOD        MATRIXLED

Program Size: data=12.0 xdata=0 code=229
LINK/LOCATE RUN COMPLETE.  0 WARNING(S),  0 ERROR(S)
