BL51 BANKED LINKER/LOCATER V6.22.4.0                                                    09/16/2026  17:54:55  PAGE 1


BL51 BANKED LINKER/LOCATER V6.22.4.0, INVOKED BY:
D:\FOX\IDE\KEIL_5\C51\BIN\BL51.EXE .\Objects\main.obj, .\Objects\lcd1602.obj, .\Objects\DS1302.obj, .\Objects\Delay.obj,
>>  .\Objects\key.obj, .\Objects\Timer0.obj TO .\Objects\project PRINT (.\Listings\project.m51) RAMSIZE (256)


MEMORY MODEL: SMALL


INPUT MODULES INCLUDED:
  .\Objects\main.obj (MAIN)
  .\Objects\lcd1602.obj (LCD1602)
  .\Objects\DS1302.obj (DS1302)
  .\Objects\Delay.obj (DELAY)
  .\Objects\key.obj (KEY)
  .\Objects\Timer0.obj (TIMER0)
  D:\FOX\IDE\KEIL_5\C51\LIB\C51S.LIB (?C_STARTUP)
  D:\FOX\IDE\KEIL_5\C51\LIB\C51S.LIB (?C?SCDIV)
  D:\FOX\IDE\KEIL_5\C51\LIB\C51S.LIB (?C?CLDOPTR)
  D:\FOX\IDE\KEIL_5\C51\LIB\C51S.LIB (?C?IMUL)
  D:\FOX\IDE\KEIL_5\C51\LIB\C51S.LIB (?C?UIDIV)
  D:\FOX\IDE\KEIL_5\C51\LIB\C51S.LIB (?C?SIDIV)
  D:\FOX\IDE\KEIL_5\C51\LIB\C51S.LIB (?C_INIT)


LINK MAP OF MODULE:  .\Objects\project (MAIN)


            TYPE    BASE      LENGTH    RELOCATION   SEGMENT NAME
            -----------------------------------------------------

            * * * * * * *   D A T A   M E M O R Y   * * * * * * *
            REG     0000H     0008H     ABSOLUTE     "REG BANK 0"
            DATA    0008H     0009H     UNIT         _DATA_GROUP_
            DATA    0011H     0007H     UNIT         ?DT?_LCD_SHOWSIGNEDNUM?LCD1602
            DATA    0018H     0007H     UNIT         ?DT?DS1302
            DATA    001FH     0005H     UNIT         ?DT?_LCD_SHOWHEXNUM?LCD1602
            DATA    0024H     0005H     UNIT         ?DT?_LCD_SHOWBINNUM?LCD1602
            DATA    0029H     0003H     UNIT         ?DT?MAIN
            IDATA   002CH     0001H     UNIT         ?STACK

            * * * * * * *   C O D E   M E M O R Y   * * * * * * *
            CODE    0000H     0003H     ABSOLUTE     
            CODE    0003H     0225H     UNIT         ?PR?TIMESET?MAIN
            CODE    0228H     017AH     UNIT         ?PR?DS1302_SETTIME?DS1302
            CODE    03A2H     00ECH     UNIT         ?C?LIB_CODE
            CODE    048EH     008DH     UNIT         ?PR?DS1302_READTIME?DS1302
            CODE    051BH     008CH     UNIT         ?C_C51STARTUP
            CODE    05A7H     0069H     UNIT         ?PR?TIMESHOW?MAIN
            CODE    0610H     0061H     UNIT         ?PR?KEY?KEY
            CODE    0671H     005CH     UNIT         ?PR?_DS1302_WRITEBYTE?DS1302
            CODE    06CDH     004EH     UNIT         ?PR?_DS1302_READBYTE?DS1302
            CODE    071BH     004BH     UNIT         ?PR?MAIN?MAIN
            CODE    0766H     003AH     UNIT         ?PR?_LCD_SHOWSIGNEDNUM?LCD1602
            CODE    07A0H     0039H     UNIT         ?PR?_LCD_SHOWHEXNUM?LCD1602
            CODE    07D9H     0038H     UNIT         ?PR?_LCD_SHOWBINNUM?LCD1602
            CODE    0811H     0033H     UNIT         ?PR?_LCD_POW?LCD1602
            CODE    0844H     0023H     UNIT         ?PR?_LCD_SHOWSTRING?LCD1602
            CODE    0867H     001EH     UNIT         ?PR?_LCD_WRITEDATA?LCD1602
BL51 BANKED LINKER/LOCATER V6.22.4.0                                                  09/16/2026  17:54:55  PAGE 2


            CODE    0885H     001DH     UNIT         ?PR?_LCD_SHOWNUM?LCD1602
            CODE    08A2H     0017H     UNIT         ?PR?TIMER0_INIT?TIMER0
            CODE    08B9H     0016H     UNIT         ?PR?_LCD_SETCURSOR?LCD1602
            CODE    08CFH     0014H     UNIT         ?PR?LCD_INIT?LCD1602
            CODE    08E3H     0014H     UNIT         ?PR?_DELAY?DELAY
            CODE    08F7H     0012H     UNIT         ?CO?MAIN
            CODE    0909H     000FH     UNIT         ?PR?LCD_DELAY?LCD1602
            CODE    0918H     000AH     UNIT         ?PR?_LCD_WRITECOMMAND?LCD1602
            CODE    0922H     000AH     UNIT         ?PR?_LCD_SHOWCHAR?LCD1602
            CODE    092CH     000AH     UNIT         ?C_INITSEG
            CODE    0936H     0005H     UNIT         ?PR?DS1302_INIT?DS1302



OVERLAY MAP OF MODULE:   .\Objects\project (MAIN)


SEGMENT                                  DATA_GROUP 
  +--> CALLED SEGMENT                  START    LENGTH
------------------------------------------------------
?C_C51STARTUP                          -----    -----
  +--> ?PR?MAIN?MAIN
  +--> ?C_INITSEG

?PR?MAIN?MAIN                          -----    -----
  +--> ?PR?LCD_INIT?LCD1602
  +--> ?PR?DS1302_INIT?DS1302
  +--> ?CO?MAIN
  +--> ?PR?_LCD_SHOWSTRING?LCD1602
  +--> ?PR?DS1302_SETTIME?DS1302
  +--> ?PR?KEY?KEY
  +--> ?PR?TIMESHOW?MAIN
  +--> ?PR?TIMESET?MAIN

?PR?LCD_INIT?LCD1602                   -----    -----
  +--> ?PR?_LCD_WRITECOMMAND?LCD1602

?PR?_LCD_WRITECOMMAND?LCD1602          -----    -----
  +--> ?PR?LCD_DELAY?LCD1602

?PR?_LCD_SHOWSTRING?LCD1602            0008H    0003H
  +--> ?PR?_LCD_SETCURSOR?LCD1602
  +--> ?PR?_LCD_WRITEDATA?LCD1602

?PR?_LCD_SETCURSOR?LCD1602             -----    -----
  +--> ?PR?_LCD_WRITECOMMAND?LCD1602

?PR?_LCD_WRITEDATA?LCD1602             -----    -----
  +--> ?PR?LCD_DELAY?LCD1602

?PR?DS1302_SETTIME?DS1302              -----    -----
  +--> ?PR?_DS1302_WRITEBYTE?DS1302

?PR?_DS1302_WRITEBYTE?DS1302           0008H    0002H

?PR?KEY?KEY                            0008H    0001H
  +--> ?PR?_DELAY?DELAY
BL51 BANKED LINKER/LOCATER V6.22.4.0                                                  09/16/2026  17:54:55  PAGE 3



?PR?TIMESHOW?MAIN                      -----    -----
  +--> ?PR?DS1302_READTIME?DS1302
  +--> ?PR?_LCD_SHOWNUM?LCD1602

?PR?DS1302_READTIME?DS1302             -----    -----
  +--> ?PR?_DS1302_READBYTE?DS1302

?PR?_LCD_SHOWNUM?LCD1602               0008H    0005H
  +--> ?PR?_LCD_SETCURSOR?LCD1602
  +--> ?PR?_LCD_POW?LCD1602
  +--> ?PR?_LCD_WRITEDATA?LCD1602

?PR?_LCD_POW?LCD1602                   000DH    0004H

?PR?TIMESET?MAIN                       -----    -----
  +--> ?PR?_LCD_SHOWNUM?LCD1602



SYMBOL TABLE OF MODULE:  .\Objects\project (MAIN)

  VALUE           TYPE          NAME
  ----------------------------------

  -------         MODULE        MAIN
  C:0000H         SYMBOL        _ICE_DUMMY_
  D:0029H         PUBLIC        Mode
  D:002AH         PUBLIC        TimeSetSelect
  C:071BH         PUBLIC        main
  C:05A7H         PUBLIC        TimeShow
  C:0003H         PUBLIC        TimeSet
  D:002BH         PUBLIC        KeyNum
  -------         PROC          TIMESHOW
  C:05A7H         LINE#         10
  C:05A7H         LINE#         11
  C:05A7H         LINE#         12
  C:05AAH         LINE#         13
  C:05BBH         LINE#         14
  C:05CCH         LINE#         15
  C:05DDH         LINE#         16
  C:05EEH         LINE#         17
  C:05FFH         LINE#         18
  -------         ENDPROC       TIMESHOW
  -------         PROC          TIMESET
  C:0003H         LINE#         21
  C:0003H         LINE#         22
  C:0003H         LINE#         23
  C:0008H         LINE#         24
  C:0008H         LINE#         25
  C:000AH         LINE#         26
  C:0013H         LINE#         27
  C:0013H         LINE#         28
  C:001CH         LINE#         29
  C:001CH         LINE#         30
  C:0022H         LINE#         31
  C:002BH         LINE#         32
BL51 BANKED LINKER/LOCATER V6.22.4.0                                                  09/16/2026  17:54:55  PAGE 4


  C:002BH         LINE#         33
  C:002EH         LINE#         34
  C:002EH         LINE#         35
  C:0037H         LINE#         36
  C:0037H         LINE#         37
  C:003AH         LINE#         38
  C:003AH         LINE#         39
  C:0040H         LINE#         40
  C:0040H         LINE#         41
  C:006CH         LINE#         42
  C:006CH         LINE#         43
  C:0075H         LINE#         44
  C:0075H         LINE#         45
  C:0075H         LINE#         46
  C:0075H         LINE#         47
  C:0077H         LINE#         49
  C:0077H         LINE#         50
  C:0080H         LINE#         51
  C:0080H         LINE#         52
  C:0083H         LINE#         53
  C:0083H         LINE#         54
  C:0083H         LINE#         55
  C:0083H         LINE#         56
  C:00ACH         LINE#         57
  C:00ACH         LINE#         58
  C:00B5H         LINE#         59
  C:00B5H         LINE#         60
  C:00B8H         LINE#         61
  C:00B8H         LINE#         62
  C:00B8H         LINE#         63
  C:00CFH         LINE#         64
  C:00CFH         LINE#         65
  C:00D8H         LINE#         66
  C:00D8H         LINE#         67
  C:00DBH         LINE#         68
  C:00DBH         LINE#         69
  C:00DBH         LINE#         70
  C:00E4H         LINE#         71
  C:00E4H         LINE#         72
  C:00E7H         LINE#         73
  C:00E7H         LINE#         74
  C:00F0H         LINE#         75
  C:00F0H         LINE#         76
  C:00F3H         LINE#         77
  C:00F3H         LINE#         78
  C:00FCH         LINE#         79
  C:00FCH         LINE#         80
  C:00FFH         LINE#         81
  C:00FFH         LINE#         82
  C:00FFH         LINE#         83
  C:0108H         LINE#         84
  C:0108H         LINE#         85
  C:010EH         LINE#         86
  C:0117H         LINE#         87
  C:0117H         LINE#         88
  C:011AH         LINE#         89
  C:011AH         LINE#         90
BL51 BANKED LINKER/LOCATER V6.22.4.0                                                  09/16/2026  17:54:55  PAGE 5


  C:0123H         LINE#         91
  C:0123H         LINE#         92
  C:0126H         LINE#         93
  C:0126H         LINE#         94
  C:012FH         LINE#         95
  C:012FH         LINE#         96
  C:0134H         LINE#         97
  C:0134H         LINE#         98
  C:0141H         LINE#         99
  C:0141H         LINE#         100
  C:0144H         LINE#         101
  C:0146H         LINE#         103
  C:0146H         LINE#         104
  C:0149H         LINE#         105
  C:0149H         LINE#         106
  C:0149H         LINE#         107
  C:0172H         LINE#         108
  C:0172H         LINE#         109
  C:0175H         LINE#         110
  C:0175H         LINE#         111
  C:018CH         LINE#         112
  C:018CH         LINE#         113
  C:018FH         LINE#         114
  C:018FH         LINE#         115
  C:018FH         LINE#         116
  C:0198H         LINE#         117
  C:0198H         LINE#         118
  C:019BH         LINE#         119
  C:019BH         LINE#         120
  C:01A4H         LINE#         121
  C:01A4H         LINE#         122
  C:01A7H         LINE#         123
  C:01A7H         LINE#         124
  C:01B0H         LINE#         125
  C:01B0H         LINE#         126
  C:01B3H         LINE#         127
  C:01B3H         LINE#         128
  C:01B3H         LINE#         129
  C:01C2H         LINE#         131
  C:01D3H         LINE#         132
  C:01E4H         LINE#         133
  C:01F5H         LINE#         134
  C:0206H         LINE#         135
  C:0217H         LINE#         136
  -------         ENDPROC       TIMESET
  -------         PROC          MAIN
  C:071BH         LINE#         139
  C:071BH         LINE#         140
  C:071BH         LINE#         141
  C:071EH         LINE#         142
  C:0721H         LINE#         143
  C:072EH         LINE#         144
  C:073BH         LINE#         148
  C:073BH         LINE#         149
  C:073BH         LINE#         150
  C:073EH         LINE#         151
  C:0743H         LINE#         152
BL51 BANKED LINKER/LOCATER V6.22.4.0                                                  09/16/2026  17:54:55  PAGE 6


  C:0748H         LINE#         153
  C:0748H         LINE#         154
  C:0751H         LINE#         155
  C:0754H         LINE#         156
  C:0754H         LINE#         157
  C:075CH         LINE#         158
  C:075CH         LINE#         159
  C:0761H         LINE#         160
  -------         ENDPROC       MAIN
  -------         ENDMOD        MAIN

  -------         MODULE        LCD1602
  C:0000H         SYMBOL        _ICE_DUMMY_
  D:0080H         PUBLIC        P0
  D:00A0H         PUBLIC        P2
  C:0918H         PUBLIC        _LCD_WriteCommand
  C:0885H         PUBLIC        _LCD_ShowNum
  C:07D9H         PUBLIC        _LCD_ShowBinNum
  C:090FH         PUBLIC        LCD_Delay
  C:07A0H         PUBLIC        _LCD_ShowHexNum
  C:087BH         PUBLIC        _LCD_WriteData
  B:00A0H.7       PUBLIC        LCD_EN
  C:08CFH         PUBLIC        LCD_Init
  C:0844H         PUBLIC        _LCD_ShowString
  C:0922H         PUBLIC        _LCD_ShowChar
  B:00A0H.6       PUBLIC        LCD_RS
  B:00A0H.5       PUBLIC        LCD_RW
  C:08B9H         PUBLIC        _LCD_SetCursor
  C:0766H         PUBLIC        _LCD_ShowSignedNum
  C:081DH         PUBLIC        _LCD_Pow
  -------         PROC          L?0048
  -------         ENDPROC       L?0048
  -------         PROC          LCD_DELAY
  -------         DO            
  D:0007H         SYMBOL        i
  D:0006H         SYMBOL        j
  -------         ENDDO         
  C:090FH         LINE#         15
  C:090FH         LINE#         16
  C:090FH         LINE#         19
  C:0911H         LINE#         20
  C:0913H         LINE#         22
  C:0913H         LINE#         23
  C:0915H         LINE#         24
  C:0917H         LINE#         25
  -------         ENDPROC       LCD_DELAY
  -------         PROC          _LCD_WRITECOMMAND
  D:0007H         SYMBOL        Command
  C:0918H         LINE#         32
  C:0918H         LINE#         33
  C:0918H         LINE#         34
  C:091AH         LINE#         35
  C:091AH         LINE#         36
  C:091AH         LINE#         37
  C:091AH         LINE#         38
  C:091DH         LINE#         39
  C:091FH         LINE#         40
BL51 BANKED LINKER/LOCATER V6.22.4.0                                                  09/16/2026  17:54:55  PAGE 7


  -------         ENDPROC       _LCD_WRITECOMMAND
  -------         PROC          L?0047
  -------         ENDPROC       L?0047
  -------         PROC          _LCD_WRITEDATA
  D:0007H         SYMBOL        Data
  C:087BH         LINE#         48
  C:087BH         LINE#         49
  C:087BH         LINE#         50
  C:087DH         LINE#         51
  C:087DH         LINE#         52
  C:087DH         LINE#         53
  C:087DH         LINE#         54
  C:0880H         LINE#         55
  C:0882H         LINE#         56
  -------         ENDPROC       _LCD_WRITEDATA
  -------         PROC          _LCD_SETCURSOR
  D:0006H         SYMBOL        Line
  D:0005H         SYMBOL        Column
  C:08B9H         LINE#         65
  C:08BBH         LINE#         66
  C:08BBH         LINE#         67
  C:08BEH         LINE#         68
  C:08BEH         LINE#         69
  C:08C0H         LINE#         70
  C:08C2H         LINE#         71
  C:08C5H         LINE#         72
  C:08C5H         LINE#         73
  C:08CEH         LINE#         74
  C:08CEH         LINE#         75
  -------         ENDPROC       _LCD_SETCURSOR
  -------         PROC          LCD_INIT
  C:08CFH         LINE#         82
  C:08CFH         LINE#         83
  C:08CFH         LINE#         84
  C:08D4H         LINE#         85
  C:08D9H         LINE#         86
  C:08DEH         LINE#         87
  -------         ENDPROC       LCD_INIT
  -------         PROC          _LCD_SHOWCHAR
  D:0006H         SYMBOL        Line
  D:0005H         SYMBOL        Column
  D:0004H         SYMBOL        Char
  C:0922H         LINE#         97
  C:0924H         LINE#         98
  C:0924H         LINE#         99
  C:0927H         LINE#         100
  -------         ENDPROC       _LCD_SHOWCHAR
  -------         PROC          _LCD_SHOWSTRING
  D:0007H         SYMBOL        Line
  D:0005H         SYMBOL        Column
  D:0008H         SYMBOL        String
  -------         DO            
  D:0005H         SYMBOL        i
  -------         ENDDO         
  C:0844H         LINE#         110
  C:084AH         LINE#         111
  C:084AH         LINE#         113
BL51 BANKED LINKER/LOCATER V6.22.4.0                                                  09/16/2026  17:54:55  PAGE 8


  C:084DH         LINE#         114
  C:0860H         LINE#         115
  C:0860H         LINE#         116
  C:0863H         LINE#         117
  C:0866H         LINE#         118
  -------         ENDPROC       _LCD_SHOWSTRING
  C:0813H         SYMBOL        L?0046
  -------         PROC          L?0045
  -------         ENDPROC       L?0045
  C:0813H         SYMBOL        L?0046
  -------         PROC          _LCD_POW
  D:000DH         SYMBOL        X
  D:000FH         SYMBOL        Y
  -------         DO            
  D:0003H         SYMBOL        i
  D:0006H         SYMBOL        Result
  -------         ENDDO         
  C:081DH         LINE#         123
  C:0825H         LINE#         124
  C:0825H         LINE#         126
  C:0829H         LINE#         127
  C:0839H         LINE#         128
  C:0839H         LINE#         129
  C:0840H         LINE#         130
  C:0843H         LINE#         131
  C:0843H         LINE#         132
  -------         ENDPROC       _LCD_POW
  -------         PROC          _LCD_SHOWNUM
  D:0007H         SYMBOL        Line
  D:0005H         SYMBOL        Column
  D:000AH         SYMBOL        Number
  D:000CH         SYMBOL        Length
  -------         DO            
  D:0002H         SYMBOL        i
  -------         ENDDO         
  C:0885H         LINE#         142
  C:0889H         LINE#         143
  C:0889H         LINE#         145
  C:088CH         LINE#         146
  C:0894H         LINE#         147
  C:0894H         LINE#         148
  C:089EH         LINE#         149
  C:08A1H         LINE#         150
  -------         ENDPROC       _LCD_SHOWNUM
  -------         PROC          _LCD_SHOWSIGNEDNUM
  D:0007H         SYMBOL        Line
  D:0005H         SYMBOL        Column
  D:0002H         SYMBOL        Number
  D:0015H         SYMBOL        Length
  -------         DO            
  D:0002H         SYMBOL        i
  D:0016H         SYMBOL        Number1
  -------         ENDDO         
  C:0766H         LINE#         160
  C:0766H         LINE#         161
  C:0766H         LINE#         164
  C:0769H         LINE#         165
BL51 BANKED LINKER/LOCATER V6.22.4.0                                                  09/16/2026  17:54:55  PAGE 9


  C:0771H         LINE#         166
  C:0771H         LINE#         167
  C:0776H         LINE#         168
  C:077AH         LINE#         169
  C:077CH         LINE#         171
  C:077CH         LINE#         172
  C:0781H         LINE#         173
  C:078AH         LINE#         174
  C:078AH         LINE#         175
  C:0792H         LINE#         176
  C:0792H         LINE#         177
  C:079CH         LINE#         178
  C:079FH         LINE#         179
  -------         ENDPROC       _LCD_SHOWSIGNEDNUM
  -------         PROC          _LCD_SHOWHEXNUM
  D:0007H         SYMBOL        Line
  D:0005H         SYMBOL        Column
  D:0021H         SYMBOL        Number
  D:0023H         SYMBOL        Length
  -------         DO            
  D:0002H         SYMBOL        i
  D:0006H         SYMBOL        SingleNumber
  -------         ENDDO         
  C:07A0H         LINE#         189
  C:07A4H         LINE#         190
  C:07A4H         LINE#         192
  C:07A7H         LINE#         193
  C:07AFH         LINE#         194
  C:07AFH         LINE#         195
  C:07C5H         LINE#         196
  C:07CBH         LINE#         197
  C:07CBH         LINE#         198
  C:07CDH         LINE#         199
  C:07CFH         LINE#         201
  C:07CFH         LINE#         202
  C:07D5H         LINE#         203
  C:07D5H         LINE#         204
  C:07D8H         LINE#         205
  -------         ENDPROC       _LCD_SHOWHEXNUM
  -------         PROC          _LCD_SHOWBINNUM
  D:0007H         SYMBOL        Line
  D:0005H         SYMBOL        Column
  D:0026H         SYMBOL        Number
  D:0028H         SYMBOL        Length
  -------         DO            
  D:0002H         SYMBOL        i
  -------         ENDDO         
  C:07D9H         LINE#         215
  C:07DDH         LINE#         216
  C:07DDH         LINE#         218
  C:07E0H         LINE#         219
  C:07E8H         LINE#         220
  C:07E8H         LINE#         221
  C:080DH         LINE#         222
  C:0810H         LINE#         223
  -------         ENDPROC       _LCD_SHOWBINNUM
  -------         ENDMOD        LCD1602
BL51 BANKED LINKER/LOCATER V6.22.4.0                                                  09/16/2026  17:54:55  PAGE 10



  -------         MODULE        DS1302
  C:0000H         SYMBOL        _ICE_DUMMY_
  C:0228H         PUBLIC        DS1302_SetTime
  D:00B0H         PUBLIC        P3
  B:00B0H.5       PUBLIC        DS1302_CE
  C:048EH         PUBLIC        DS1302_ReadTime
  D:0018H         PUBLIC        DS1302_Time
  C:06CDH         PUBLIC        _DS1302_ReadByte
  C:0936H         PUBLIC        DS1302_Init
  B:00B0H.4       PUBLIC        DS1302_IO
  C:0676H         PUBLIC        _DS1302_WriteByte
  B:00B0H.6       PUBLIC        DS1302_SCLK
  -------         PROC          DS1302_INIT
  C:0936H         LINE#         26
  C:0936H         LINE#         27
  C:0936H         LINE#         28
  C:0938H         LINE#         29
  C:093AH         LINE#         30
  -------         ENDPROC       DS1302_INIT
  -------         PROC          L?0027
  -------         ENDPROC       L?0027
  -------         PROC          _DS1302_WRITEBYTE
  D:0003H         SYMBOL        Command
  D:0008H         SYMBOL        Data
  -------         DO            
  D:0005H         SYMBOL        i
  -------         ENDDO         
  C:0676H         LINE#         38
  C:067CH         LINE#         39
  C:067CH         LINE#         41
  C:067EH         LINE#         42
  C:0680H         LINE#         43
  C:0680H         LINE#         44
  C:069BH         LINE#         45
  C:069DH         LINE#         46
  C:069FH         LINE#         47
  C:06A3H         LINE#         48
  C:06A5H         LINE#         49
  C:06A5H         LINE#         50
  C:06C2H         LINE#         51
  C:06C4H         LINE#         52
  C:06C6H         LINE#         53
  C:06CAH         LINE#         54
  C:06CCH         LINE#         55
  -------         ENDPROC       _DS1302_WRITEBYTE
  -------         PROC          _DS1302_READBYTE
  D:0005H         SYMBOL        Command
  -------         DO            
  D:0003H         SYMBOL        i
  D:0001H         SYMBOL        Data
  -------         ENDDO         
  C:06CDH         LINE#         62
  C:06CFH         LINE#         63
  C:06CFH         LINE#         64
  C:06D1H         LINE#         65
  C:06D4H         LINE#         66
BL51 BANKED LINKER/LOCATER V6.22.4.0                                                  09/16/2026  17:54:55  PAGE 11


  C:06D6H         LINE#         67
  C:06D7H         LINE#         68
  C:06D7H         LINE#         69
  C:06F2H         LINE#         70
  C:06F4H         LINE#         71
  C:06F6H         LINE#         72
  C:06FAH         LINE#         73
  C:06FCH         LINE#         74
  C:06FCH         LINE#         75
  C:06FEH         LINE#         76
  C:0700H         LINE#         77
  C:0710H         LINE#         78
  C:0714H         LINE#         79
  C:0716H         LINE#         80
  C:0718H         LINE#         81
  C:071AH         LINE#         82
  -------         ENDPROC       _DS1302_READBYTE
  -------         PROC          DS1302_SETTIME
  C:0228H         LINE#         89
  C:0228H         LINE#         90
  C:0228H         LINE#         91
  C:0230H         LINE#         92
  C:0260H         LINE#         93
  C:0290H         LINE#         94
  C:02C5H         LINE#         95
  C:02FAH         LINE#         96
  C:032FH         LINE#         97
  C:0364H         LINE#         98
  C:0399H         LINE#         99
  -------         ENDPROC       DS1302_SETTIME
  -------         PROC          DS1302_READTIME
  -------         DO            
  D:0007H         SYMBOL        Temp
  -------         ENDDO         
  C:048EH         LINE#         107
  C:048EH         LINE#         108
  C:048EH         LINE#         110
  C:0493H         LINE#         111
  C:04A2H         LINE#         112
  C:04A7H         LINE#         113
  C:04B6H         LINE#         114
  C:04BBH         LINE#         115
  C:04CAH         LINE#         116
  C:04CFH         LINE#         117
  C:04DEH         LINE#         118
  C:04E3H         LINE#         119
  C:04F2H         LINE#         120
  C:04F7H         LINE#         121
  C:0506H         LINE#         122
  C:050BH         LINE#         123
  C:051AH         LINE#         124
  -------         ENDPROC       DS1302_READTIME
  -------         ENDMOD        DS1302

  -------         MODULE        DELAY
  C:0000H         SYMBOL        _ICE_DUMMY_
  C:08E3H         PUBLIC        _Delay
BL51 BANKED LINKER/LOCATER V6.22.4.0                                                  09/16/2026  17:54:55  PAGE 12


  -------         PROC          _DELAY
  D:0006H         SYMBOL        xms
  -------         DO            
  D:0005H         SYMBOL        i
  D:0004H         SYMBOL        j
  -------         ENDDO         
  C:08E3H         LINE#         7
  C:08E3H         LINE#         8
  C:08E3H         LINE#         10
  C:08E7H         LINE#         11
  C:08E7H         LINE#         13
  C:08E9H         LINE#         14
  C:08EBH         LINE#         16
  C:08EBH         LINE#         17
  C:08EDH         LINE#         18
  C:08EFH         LINE#         19
  C:08F4H         LINE#         20
  C:08F6H         LINE#         22
  -------         ENDPROC       _DELAY
  -------         ENDMOD        DELAY

  -------         MODULE        KEY
  C:0000H         SYMBOL        _ICE_DUMMY_
  B:00B0H.0       PUBLIC        P3_0
  B:00B0H.1       PUBLIC        P3_1
  B:00B0H.2       PUBLIC        P3_2
  B:00B0H.3       PUBLIC        P3_3
  C:0610H         PUBLIC        Key
  -------         PROC          KEY
  -------         DO            
  D:0008H         SYMBOL        KeyNumber
  -------         ENDDO         
  C:0610H         LINE#         9
  C:0610H         LINE#         10
  C:0610H         LINE#         11
  C:0613H         LINE#         12
  C:0629H         LINE#         13
  C:0640H         LINE#         14
  C:0657H         LINE#         15
  C:066EH         LINE#         16
  C:0670H         LINE#         17
  -------         ENDPROC       KEY
  -------         ENDMOD        KEY

  -------         MODULE        TIMER0
  C:0000H         SYMBOL        _ICE_DUMMY_
  B:00A8H.7       PUBLIC        EA
  C:08A2H         PUBLIC        Timer0_Init
  D:0089H         PUBLIC        TMOD
  B:00A8H.1       PUBLIC        ET0
  B:0088H.5       PUBLIC        TF0
  D:008CH         PUBLIC        TH0
  D:008AH         PUBLIC        TL0
  B:00B8H.1       PUBLIC        PT0
  B:0088H.4       PUBLIC        TR0
  -------         PROC          TIMER0_INIT
  C:08A2H         LINE#         8
BL51 BANKED LINKER/LOCATER V6.22.4.0                                                  09/16/2026  17:54:55  PAGE 13


  C:08A2H         LINE#         9
  C:08A2H         LINE#         11
  C:08A5H         LINE#         12
  C:08A8H         LINE#         13
  C:08ABH         LINE#         14
  C:08AEH         LINE#         15
  C:08B0H         LINE#         16
  C:08B2H         LINE#         17
  C:08B4H         LINE#         18
  C:08B6H         LINE#         19
  C:08B8H         LINE#         20
  -------         ENDPROC       TIMER0_INIT
  -------         ENDMOD        TIMER0

  -------         MODULE        ?C?SCDIV
  C:03A2H         PUBLIC        ?C?SCDIV
  -------         ENDMOD        ?C?SCDIV

  -------         MODULE        ?C?CLDOPTR
  C:03C4H         PUBLIC        ?C?CLDOPTR
  -------         ENDMOD        ?C?CLDOPTR

  -------         MODULE        ?C?IMUL
  C:03F1H         PUBLIC        ?C?IMUL
  -------         ENDMOD        ?C?IMUL

  -------         MODULE        ?C?UIDIV
  C:0403H         PUBLIC        ?C?UIDIV
  -------         ENDMOD        ?C?UIDIV

  -------         MODULE        ?C?SIDIV
  C:0458H         PUBLIC        ?C?SIDIV
  -------         ENDMOD        ?C?SIDIV

*** WARNING L16: UNCALLED SEGMENT, IGNORED FOR OVERLAY PROCESS
    SEGMENT: ?PR?_LCD_SHOWCHAR?LCD1602

*** WARNING L16: UNCALLED SEGMENT, IGNORED FOR OVERLAY PROCESS
    SEGMENT: ?PR?_LCD_SHOWSIGNEDNUM?LCD1602

*** WARNING L16: UNCALLED SEGMENT, IGNORED FOR OVERLAY PROCESS
    SEGMENT: ?PR?_LCD_SHOWHEXNUM?LCD1602

*** WARNING L16: UNCALLED SEGMENT, IGNORED FOR OVERLAY PROCESS
    SEGMENT: ?PR?_LCD_SHOWBINNUM?LCD1602

*** WARNING L16: UNCALLED SEGMENT, IGNORED FOR OVERLAY PROCESS
    SEGMENT: ?PR?TIMER0_INIT?TIMER0

Program Size: data=45.0 xdata=0 code=2363
LINK/LOCATE RUN COMPLETE.  5 WARNING(S),  0 ERROR(S)
