C51 COMPILER V9.60.7.0   MIAN                                                              09/11/2026 17:17:38 PAGE 1   


C51 COMPILER V9.60.7.0, COMPILATION OF MODULE MIAN
OBJECT MODULE PLACED IN .\Objects\mian.obj
COMPILER INVOKED BY: D:\Fox\IDE\Keil_5\C51\BIN\C51.EXE mian.c OPTIMIZE(8,SPEED) BROWSE DEBUG OBJECTEXTEND PRINT(.\Listin
                    -gs\mian.lst) OBJECT(.\Objects\mian.obj)

line level    source

   1          #include <at89c51RC2.h>
   2          #include "LCD1602.h"
   3          
   4          void main()
   5          {
   6   1              LCD_Init();
   7   1              LCD_ShowChar(1,1,'a');
   8   1              LCD_ShowString(1,3,"Hello world");
   9   1              LCD_ShowNum(2,1,123,3);
  10   1              while(1)
  11   1              {
  12   2              }
  13   1      }


MODULE INFORMATION:   STATIC OVERLAYABLE
   CODE SIZE        =     41    ----
   CONSTANT SIZE    =     12    ----
   XDATA SIZE       =   ----    ----
   PDATA SIZE       =   ----    ----
   DATA SIZE        =   ----    ----
   IDATA SIZE       =   ----    ----
   BIT SIZE         =   ----    ----
END OF MODULE INFORMATION.


C51 COMPILATION COMPLETE.  0 WARNING(S),  0 ERROR(S)
