C51 COMPILER V9.60.7.0   UART                                                              09/14/2026 17:29:15 PAGE 1   


C51 COMPILER V9.60.7.0, COMPILATION OF MODULE UART
OBJECT MODULE PLACED IN .\Objects\UART.obj
COMPILER INVOKED BY: D:\Fox\IDE\Keil_5\C51\BIN\C51.EXE UART.c OPTIMIZE(8,SPEED) BROWSE DEBUG OBJECTEXTEND PRINT(.\Listin
                    -gs\UART.lst) OBJECT(.\Objects\UART.obj)

line level    source

   1          #include <REGX52.H>
   2          /**
   3            * @brief 串口初始化，4800bps@11.0592MHz
   4            * @param 
   5            * @retval 
   6            */
   7          void UART_Init() 
   8          {
   9   1              PCON &= 0x80;           //波特率不倍速
  10   1              SCON = 0x50;            //允许接受
  11   1              TMOD &= 0x0F;           //设置定时器模式
  12   1              TMOD |= 0x20;           //设置定时器模式
  13   1              TL1 = 0xFA;             //设定定时初值
  14   1              TH1 = 0xFA;             //设定定时器重装值
  15   1              ET1 = 0;                //禁止定时器1中断
  16   1              TR1 = 1;                //启动定时器1
  17   1              EA = 1;
  18   1              ES = 1;
  19   1      }
  20          /**
  21            * @brief 发送串口数据，一字节
  22            * @param 一个字节
  23            * @retval 
  24            */
  25          void UART_SendBytes(unsigned char Bytes)
  26          {
  27   1              SBUF = Bytes;
  28   1              while(TI == 0);
  29   1              TI = 0;
  30   1      }
  31          


MODULE INFORMATION:   STATIC OVERLAYABLE
   CODE SIZE        =     35    ----
   CONSTANT SIZE    =   ----    ----
   XDATA SIZE       =   ----    ----
   PDATA SIZE       =   ----    ----
   DATA SIZE        =   ----    ----
   IDATA SIZE       =   ----    ----
   BIT SIZE         =   ----    ----
END OF MODULE INFORMATION.


C51 COMPILATION COMPLETE.  0 WARNING(S),  0 ERROR(S)
