BL51 BANKED LINKER/LOCATER V6.22.4.0                                                    09/09/2026  14:56:17  PAGE 1


BL51 BANKED LINKER/LOCATER V6.22.4.0, INVOKED BY:
D:\FOX\IDE\KEIL_5\C51\BIN\BL51.EXE .\Objects\main.obj TO .\Objects\LED002 PRINT (.\Listings\LED002.m51) RAMSIZE (256)


MEMORY MODEL: SMALL


INPUT MODULES INCLUDED:
  .\Objects\main.obj (MAIN)
  D:\FOX\IDE\KEIL_5\C51\LIB\C51S.LIB (?C_STARTUP)


LINK MAP OF MODULE:  .\Objects\LED002 (MAIN)


            TYPE    BASE      LENGTH    RELOCATION   SEGMENT NAME
            -----------------------------------------------------

            * * * * * * *   D A T A   M E M O R Y   * * * * * * *
            REG     0000H     0008H     ABSOLUTE     "REG BANK 0"
            IDATA   0008H     0001H     UNIT         ?STACK

            * * * * * * *   C O D E   M E M O R Y   * * * * * * *
            CODE    0000H     0003H     ABSOLUTE     
            CODE    0003H     000CH     UNIT         ?PR?MAIN?MAIN
            CODE    000FH     000CH     UNIT         ?C_C51STARTUP



OVERLAY MAP OF MODULE:   .\Objects\LED002 (MAIN)


SEGMENT
  +--> CALLED SEGMENT
---------------------
?C_C51STARTUP
  +--> ?PR?MAIN?MAIN



SYMBOL TABLE OF MODULE:  .\Objects\LED002 (MAIN)

  VALUE           TYPE          NAME
  ----------------------------------

  -------         MODULE        MAIN
  C:0000H         SYMBOL        _ICE_DUMMY_
  B:00A0H.0       PUBLIC        P2_0
  B:00B0H.1       PUBLIC        P3_1
  C:0003H         PUBLIC        main
  -------         PROC          MAIN
  C:0003H         LINE#         3
  C:0003H         LINE#         4
  C:0003H         LINE#         7
  C:0003H         LINE#         8
  C:0003H         LINE#         9
  C:0006H         LINE#         10
  C:0006H         LINE#         12
BL51 BANKED LINKER/LOCATER V6.22.4.0                                                  09/09/2026  14:56:17  PAGE 2


  C:0009H         LINE#         13
  C:0009H         LINE#         14
  C:000BH         LINE#         15
  C:000BH         LINE#         16
  C:000DH         LINE#         17
  C:000DH         LINE#         19
  -------         ENDPROC       MAIN
  -------         ENDMOD        MAIN

Program Size: data=9.0 xdata=0 code=27
LINK/LOCATE RUN COMPLETE.  0 WARNING(S),  0 ERROR(S)
