C51 COMPILER V9.60.7.0   MATRIXKEY                                                         09/12/2026 10:15:04 PAGE 1   


C51 COMPILER V9.60.7.0, COMPILATION OF MODULE MATRIXKEY
OBJECT MODULE PLACED IN .\Objects\MatrixKey.obj
COMPILER INVOKED BY: D:\Fox\IDE\Keil_5\C51\BIN\C51.EXE MatrixKey.c OPTIMIZE(8,SPEED) BROWSE DEBUG OBJECTEXTEND PRINT(.\L
                    -istings\MatrixKey.lst) OBJECT(.\Objects\MatrixKey.obj)

line level    source

   1          #include <at89c51RC2.h>
   2          #include "Delay.h"
   3          
   4          
   5          /**
   6            * @brief  逐列扫描矩阵键盘
   7            * @param  无
   8            * @retval 松开时返回矩阵键盘的对应值
   9            */
  10          unsigned char MatrixKey()
  11          {
  12   1          unsigned char key = 0;
  13   1          P1 = 0xFF;
  14   1          P1_3 = 0;
  15   1          if(P1_7 == 0){Delayms(20); while(P1_7 == 0);Delayms(20); key = 1;}
  16   1          if(P1_6 == 0){Delayms(20); while(P1_6 == 0);Delayms(20); key = 5;}
  17   1          if(P1_5 == 0){Delayms(20); while(P1_5 == 0);Delayms(20); key = 9;}
  18   1          if(P1_4 == 0){Delayms(20); while(P1_4 == 0);Delayms(20); key = 13;}
  19   1      
  20   1          P1 = 0xFF;
  21   1          P1_2 = 0;
  22   1          if(P1_7 == 0){Delayms(20); while(P1_7 == 0);Delayms(20); key = 2;}
  23   1          if(P1_6 == 0){Delayms(20); while(P1_6 == 0);Delayms(20); key = 6;}
  24   1          if(P1_5 == 0){Delayms(20); while(P1_5 == 0);Delayms(20); key = 10;}
  25   1          if(P1_4 == 0){Delayms(20); while(P1_4 == 0);Delayms(20); key = 14;}
  26   1      
  27   1          P1 = 0xFF;
  28   1          P1_1 = 0;
  29   1          if(P1_7 == 0){Delayms(20); while(P1_7 == 0);Delayms(20); key = 3;}
  30   1          if(P1_6 == 0){Delayms(20); while(P1_6 == 0);Delayms(20); key = 7;}
  31   1          if(P1_5 == 0){Delayms(20); while(P1_5 == 0);Delayms(20); key = 11;}
  32   1          if(P1_4 == 0){Delayms(20); while(P1_4 == 0);Delayms(20); key = 15;}
  33   1      
  34   1          
  35   1          P1 = 0xFF;
  36   1          P1_0 = 0;
  37   1          if(P1_7 == 0){Delayms(20); while(P1_7 == 0);Delayms(20); key = 4;}
  38   1          if(P1_6 == 0){Delayms(20); while(P1_6 == 0);Delayms(20); key = 8;}
  39   1          if(P1_5 == 0){Delayms(20); while(P1_5 == 0);Delayms(20); key = 12;}
  40   1          if(P1_4 == 0){Delayms(20); while(P1_4 == 0);Delayms(20); key = 16;}
  41   1      
  42   1          return key;
  43   1      }


MODULE INFORMATION:   STATIC OVERLAYABLE
   CODE SIZE        =    393    ----
   CONSTANT SIZE    =   ----    ----
   XDATA SIZE       =   ----    ----
   PDATA SIZE       =   ----    ----
   DATA SIZE        =   ----       1
   IDATA SIZE       =   ----    ----
   BIT SIZE         =   ----    ----
END OF MODULE INFORMATION.

C51 COMPILER V9.60.7.0   MATRIXKEY                                                         09/12/2026 10:15:04 PAGE 2   


C51 COMPILATION COMPLETE.  0 WARNING(S),  0 ERROR(S)
