BL51 BANKED LINKER/LOCATER V6.22.4.0                                                    09/15/2026  11:24:08  PAGE 1


BL51 BANKED LINKER/LOCATER V6.22.4.0, INVOKED BY:
D:\FOX\IDE\KEIL_5\C51\BIN\BL51.EXE .\Objects\main.obj, .\Objects\Delay.obj TO .\Objects\project PRINT (.\Listings\projec
>> t.m51) RAMSIZE (256)


MEMORY MODEL: SMALL


INPUT MODULES INCLUDED:
  .\Objects\main.obj (MAIN)
  .\Objects\Delay.obj (DELAY)
  D:\FOX\IDE\KEIL_5\C51\LIB\C51S.LIB (?C_STARTUP)


LINK MAP OF MODULE:  .\Objects\project (MAIN)


            TYPE    BASE      LENGTH    RELOCATION   SEGMENT NAME
            -----------------------------------------------------

            * * * * * * *   D A T A   M E M O R Y   * * * * * * *
            REG     0000H     0008H     ABSOLUTE     "REG BANK 0"
            IDATA   0008H     0001H     UNIT         ?STACK

            * * * * * * *   C O D E   M E M O R Y   * * * * * * *
            CODE    0000H     0003H     ABSOLUTE     
            CODE    0003H     003EH     UNIT         ?PR?MAIN?MAIN
            CODE    0041H     002DH     UNIT         ?PR?__74HC595_WRITEBYTES?MAIN
            CODE    006EH     0024H     UNIT         ?PR?_MATRIXLED_SHOWCOLUMN?MAIN
            CODE    0092H     0014H     UNIT         ?PR?_DELAY?DELAY
            CODE    00A6H     000CH     UNIT         ?C_C51STARTUP



OVERLAY MAP OF MODULE:   .\Objects\project (MAIN)


SEGMENT
  +--> CALLED SEGMENT
---------------------
?C_C51STARTUP
  +--> ?PR?MAIN?MAIN

?PR?MAIN?MAIN
  +--> ?PR?_MATRIXLED_SHOWCOLUMN?MAIN

?PR?_MATRIXLED_SHOWCOLUMN?MAIN
  +--> ?PR?__74HC595_WRITEBYTES?MAIN
  +--> ?PR?_DELAY?DELAY



SYMBOL TABLE OF MODULE:  .\Objects\project (MAIN)

  VALUE           TYPE          NAME
  ----------------------------------

  -------         MODULE        MAIN
BL51 BANKED LINKER/LOCATER V6.22.4.0                                                  09/15/2026  11:24:08  PAGE 2


  C:0000H         SYMBOL        _ICE_DUMMY_
  D:0080H         PUBLIC        P0
  D:00B0H         PUBLIC        P3
  C:0003H         PUBLIC        main
  C:006EH         PUBLIC        _MatrixLED_ShowColumn
  B:00B0H.5       PUBLIC        RCK
  B:00B0H.6       PUBLIC        SCK
  B:00B0H.4       PUBLIC        SER
  C:0041H         PUBLIC        __74HC595_WriteBytes
  -------         PROC          __74HC595_WRITEBYTES
  D:0005H         SYMBOL        Bytes
  -------         DO            
  D:0003H         SYMBOL        i
  -------         ENDDO         
  C:0041H         LINE#         14
  C:0043H         LINE#         15
  C:0043H         LINE#         17
  C:0045H         LINE#         18
  C:0045H         LINE#         19
  C:0061H         LINE#         20
  C:0063H         LINE#         21
  C:0065H         LINE#         22
  C:0069H         LINE#         23
  C:006BH         LINE#         24
  C:006DH         LINE#         25
  -------         ENDPROC       __74HC595_WRITEBYTES
  -------         PROC          _MATRIXLED_SHOWCOLUMN
  D:0004H         SYMBOL        Column
  D:0006H         SYMBOL        Data
  C:006EH         LINE#         32
  C:0072H         LINE#         33
  C:0072H         LINE#         34
  C:0077H         LINE#         35
  C:0087H         LINE#         36
  C:008EH         LINE#         37
  C:0091H         LINE#         38
  -------         ENDPROC       _MATRIXLED_SHOWCOLUMN
  -------         PROC          MAIN
  C:0003H         LINE#         40
  C:0003H         LINE#         41
  C:0003H         LINE#         43
  C:0005H         LINE#         44
  C:0007H         LINE#         46
  C:0007H         LINE#         47
  C:0007H         LINE#         48
  C:000EH         LINE#         49
  C:0015H         LINE#         50
  C:001CH         LINE#         51
  C:0023H         LINE#         52
  C:002AH         LINE#         53
  C:0031H         LINE#         54
  C:0038H         LINE#         55
  C:003FH         LINE#         56
  -------         ENDPROC       MAIN
  -------         ENDMOD        MAIN

  -------         MODULE        DELAY
BL51 BANKED LINKER/LOCATER V6.22.4.0                                                  09/15/2026  11:24:08  PAGE 3


  C:0000H         SYMBOL        _ICE_DUMMY_
  C:0092H         PUBLIC        _Delay
  -------         PROC          _DELAY
  D:0006H         SYMBOL        xms
  -------         DO            
  D:0005H         SYMBOL        i
  D:0004H         SYMBOL        j
  -------         ENDDO         
  C:0092H         LINE#         7
  C:0092H         LINE#         8
  C:0092H         LINE#         10
  C:0096H         LINE#         11
  C:0096H         LINE#         13
  C:0098H         LINE#         14
  C:009AH         LINE#         16
  C:009AH         LINE#         17
  C:009CH         LINE#         18
  C:009EH         LINE#         19
  C:00A3H         LINE#         20
  C:00A5H         LINE#         22
  -------         ENDPROC       _DELAY
  -------         ENDMOD        DELAY

Program Size: data=9.0 xdata=0 code=178
LINK/LOCATE RUN COMPLETE.  0 WARNING(S),  0 ERROR(S)
