C51 COMPILER V9.60.7.0   DELAY                                                             09/12/2026 09:36:58 PAGE 1   


C51 COMPILER V9.60.7.0, COMPILATION OF MODULE DELAY
OBJECT MODULE PLACED IN .\Objects\Delay.obj
COMPILER INVOKED BY: D:\Fox\IDE\Keil_5\C51\BIN\C51.EXE Delay.c OPTIMIZE(8,SPEED) BROWSE DEBUG OBJECTEXTEND PRINT(.\Listi
                    -ngs\Delay.lst) OBJECT(.\Objects\Delay.obj)

line level    source

   1          //机械按键的开关闭合瞬间，由于弹性作用会有一个5-10ms的抖动，可以通过delay软
             -件消抖
   2          void Delayms(unsigned int xms)          //@11.0592MHz
   3          {
   4   1              unsigned char i, j;
   5   1              while(xms)
   6   1              {
   7   2                      
   8   2                      i = 2;
   9   2                      j = 199;
  10   2                      do
  11   2                      {
  12   3                              while (--j);
  13   3                      } while (--i);
  14   2                      xms--;
  15   2              }
  16   1      
  17   1      }


MODULE INFORMATION:   STATIC OVERLAYABLE
   CODE SIZE        =     20    ----
   CONSTANT SIZE    =   ----    ----
   XDATA SIZE       =   ----    ----
   PDATA SIZE       =   ----    ----
   DATA SIZE        =   ----    ----
   IDATA SIZE       =   ----    ----
   BIT SIZE         =   ----    ----
END OF MODULE INFORMATION.


C51 COMPILATION COMPLETE.  0 WARNING(S),  0 ERROR(S)
