C51 COMPILER V9.60.7.0   MATRIXKEY                                                         09/12/2026 10:01:24 PAGE 1   


C51 COMPILER V9.60.7.0, COMPILATION OF MODULE MATRIXKEY
OBJECT MODULE PLACED IN .\Objects\MatrixKey.obj
COMPILER INVOKED BY: D:\Fox\IDE\Keil_5\C51\BIN\C51.EXE MatrixKey.c OPTIMIZE(8,SPEED) BROWSE DEBUG OBJECTEXTEND PRINT(.\L
                    -istings\MatrixKey.lst) OBJECT(.\Objects\MatrixKey.obj)

line level    source

   1          #include <at89c51RC2.h>
   2          #include "Delay.h"
   3          
   4          //逐列扫描矩阵键盘
   5          unsigned char MatrixKey()
   6          {
   7   1          unsigned char key = 0;
   8   1          P1 = 0xFF;
   9   1          P1_3 = 0;
  10   1          if(P1_7 == 0){Delayms(20); while(P1_7 == 0);Delayms(20); key = 1;}
  11   1          if(P1_6 == 0){Delayms(20); while(P1_6 == 0);Delayms(20); key = 5;}
  12   1          if(P1_5 == 0){Delayms(20); while(P1_5 == 0);Delayms(20); key = 9;}
  13   1          if(P1_4 == 0){Delayms(20); while(P1_4 == 0);Delayms(20); key = 13;}
  14   1      
  15   1          P1 = 0xFF;
  16   1          P1_2 = 0;
  17   1          if(P1_7 == 0){Delayms(20); while(P1_7 == 0);Delayms(20); key = 2;}
  18   1          if(P1_6 == 0){Delayms(20); while(P1_6 == 0);Delayms(20); key = 6;}
  19   1          if(P1_5 == 0){Delayms(20); while(P1_5 == 0);Delayms(20); key = 10;}
  20   1          if(P1_4 == 0){Delayms(20); while(P1_4 == 0);Delayms(20); key = 14;}
  21   1      
  22   1          P1 = 0xFF;
  23   1          P1_1 = 0;
  24   1          if(P1_7 == 0){Delayms(20); while(P1_7 == 0);Delayms(20); key = 3;}
  25   1          if(P1_6 == 0){Delayms(20); while(P1_6 == 0);Delayms(20); key = 7;}
  26   1          if(P1_5 == 0){Delayms(20); while(P1_5 == 0);Delayms(20); key = 11;}
  27   1          if(P1_4 == 0){Delayms(20); while(P1_4 == 0);Delayms(20); key = 15;}
  28   1      
  29   1          
  30   1          P1 = 0xFF;
  31   1          P1_0 = 0;
  32   1          if(P1_7 == 0){Delayms(20); while(P1_7 == 0);Delayms(20); key = 4;}
  33   1          if(P1_6 == 0){Delayms(20); while(P1_6 == 0);Delayms(20); key = 8;}
  34   1          if(P1_5 == 0){Delayms(20); while(P1_5 == 0);Delayms(20); key = 12;}
  35   1          if(P1_4 == 0){Delayms(20); while(P1_4 == 0);Delayms(20); key = 16;}
  36   1      
  37   1          return key;
  38   1      }


MODULE INFORMATION:   STATIC OVERLAYABLE
   CODE SIZE        =    393    ----
   CONSTANT SIZE    =   ----    ----
   XDATA SIZE       =   ----    ----
   PDATA SIZE       =   ----    ----
   DATA SIZE        =   ----       1
   IDATA SIZE       =   ----    ----
   BIT SIZE         =   ----    ----
END OF MODULE INFORMATION.


C51 COMPILATION COMPLETE.  0 WARNING(S),  0 ERROR(S)
