C51 COMPILER V9.60.7.0   MIAN                                                              09/09/2026 15:37:55 PAGE 1   


C51 COMPILER V9.60.7.0, COMPILATION OF MODULE MIAN
OBJECT MODULE PLACED IN .\Objects\mian.obj
COMPILER INVOKED BY: D:\Fox\IDE\Keil_5\C51\BIN\C51.EXE mian.c OPTIMIZE(8,SPEED) BROWSE DEBUG OBJECTEXTEND PRINT(.\Listin
                    -gs\mian.lst) OBJECT(.\Objects\mian.obj)

line level    source

   1          #include <at89c51RC2.h>
   2          //机械按键的开关闭合瞬间，由于弹性作用会有一个5-10ms的抖动，可以通过delay软
             -件消抖
   3          void Delayms(unsigned int xms)          //@11.0592MHz
   4          {
   5   1              unsigned char i, j;
   6   1              while(xms)
   7   1              {
   8   2                      
   9   2                      i = 2;
  10   2                      j = 199;
  11   2                      do
  12   2                      {
  13   3                              while (--j);
  14   3                      } while (--i);
  15   2                      xms--;
  16   2              }
  17   1      
  18   1      }
  19          
  20          
  21          unsigned int right_i = 0; //右移
  22          void main()
  23          {
  24   1              while(1)
  25   1              {
  26   2                      if(P3_1 == 0)
  27   2                      {
  28   3                              Delayms(20);
  29   3                              while(P3_1 == 0);
  30   3                              Delayms(20);//按键消抖
  31   3                              P2 = 0xFF;
  32   3                              P2 &= ~(1<<right_i);
  33   3                              right_i++;
  34   3                              if(right_i > 7 )
  35   3                              {
  36   4                                      right_i = 0;
  37   4                              }
  38   3                      }
  39   2                      
  40   2              }
  41   1      }


MODULE INFORMATION:   STATIC OVERLAYABLE
   CODE SIZE        =     83    ----
   CONSTANT SIZE    =   ----    ----
   XDATA SIZE       =   ----    ----
   PDATA SIZE       =   ----    ----
   DATA SIZE        =      2    ----
   IDATA SIZE       =   ----    ----
   BIT SIZE         =   ----    ----
END OF MODULE INFORMATION.


C51 COMPILATION COMPLETE.  0 WARNING(S),  0 ERROR(S)
